Performing C++ SOURCE FILE Test CMAKE_HAVE_LIBC_PTHREAD failed with the following output:
Change Dir: /home/dan/metasat-hardware/extra/vortex/third_party/ramulator/build/CMakeFiles/CMakeScratch/TryCompile-xzqgHd

Run Build Command(s):/usr/bin/make -f Makefile cmTC_33780/fast && make[1]: Entering directory '/home/dan/metasat-hardware/extra/vortex/third_party/ramulator/build/CMakeFiles/CMakeScratch/TryCompile-xzqgHd'
/usr/bin/make  -f CMakeFiles/cmTC_33780.dir/build.make CMakeFiles/cmTC_33780.dir/build
make[2]: Entering directory '/home/dan/metasat-hardware/extra/vortex/third_party/ramulator/build/CMakeFiles/CMakeScratch/TryCompile-xzqgHd'
Building CXX object CMakeFiles/cmTC_33780.dir/src.cxx.o
/usr/bin/c++ -DCMAKE_HAVE_LIBC_PTHREAD  -fPIE -o CMakeFiles/cmTC_33780.dir/src.cxx.o -c /home/dan/metasat-hardware/extra/vortex/third_party/ramulator/build/CMakeFiles/CMakeScratch/TryCompile-xzqgHd/src.cxx
Linking CXX executable cmTC_33780
/usr/bin/cmake -E cmake_link_script CMakeFiles/cmTC_33780.dir/link.txt --verbose=1
/usr/bin/c++ CMakeFiles/cmTC_33780.dir/src.cxx.o -o cmTC_33780 
CMakeFiles/cmTC_33780.dir/src.cxx.o: In function `main':
src.cxx:(.text+0x3e): undefined reference to `pthread_create'
src.cxx:(.text+0x4a): undefined reference to `pthread_detach'
src.cxx:(.text+0x56): undefined reference to `pthread_cancel'
src.cxx:(.text+0x67): undefined reference to `pthread_join'
src.cxx:(.text+0x7b): undefined reference to `pthread_atfork'
collect2: error: ld returned 1 exit status
CMakeFiles/cmTC_33780.dir/build.make:98: recipe for target 'cmTC_33780' failed
make[2]: *** [cmTC_33780] Error 1
make[2]: Leaving directory '/home/dan/metasat-hardware/extra/vortex/third_party/ramulator/build/CMakeFiles/CMakeScratch/TryCompile-xzqgHd'
Makefile:127: recipe for target 'cmTC_33780/fast' failed
make[1]: *** [cmTC_33780/fast] Error 2
make[1]: Leaving directory '/home/dan/metasat-hardware/extra/vortex/third_party/ramulator/build/CMakeFiles/CMakeScratch/TryCompile-xzqgHd'


Source file was:
#include <pthread.h>

static void* test_func(void* data)
{
  return data;
}

int main(void)
{
  pthread_t thread;
  pthread_create(&thread, NULL, test_func, NULL);
  pthread_detach(thread);
  pthread_cancel(thread);
  pthread_join(thread, NULL);
  pthread_atfork(NULL, NULL, NULL);
  pthread_exit(NULL);

  return 0;
}


Determining if the function pthread_create exists in the pthreads failed with the following output:
Change Dir: /home/dan/metasat-hardware/extra/vortex/third_party/ramulator/build/CMakeFiles/CMakeScratch/TryCompile-ExMKdW

Run Build Command(s):/usr/bin/make -f Makefile cmTC_a1130/fast && make[1]: Entering directory '/home/dan/metasat-hardware/extra/vortex/third_party/ramulator/build/CMakeFiles/CMakeScratch/TryCompile-ExMKdW'
/usr/bin/make  -f CMakeFiles/cmTC_a1130.dir/build.make CMakeFiles/cmTC_a1130.dir/build
make[2]: Entering directory '/home/dan/metasat-hardware/extra/vortex/third_party/ramulator/build/CMakeFiles/CMakeScratch/TryCompile-ExMKdW'
Building CXX object CMakeFiles/cmTC_a1130.dir/CheckFunctionExists.cxx.o
/usr/bin/c++   -DCHECK_FUNCTION_EXISTS=pthread_create -fPIE -std=c++20 -o CMakeFiles/cmTC_a1130.dir/CheckFunctionExists.cxx.o -c /home/dan/metasat-hardware/extra/vortex/third_party/ramulator/build/CMakeFiles/CMakeScratch/TryCompile-ExMKdW/CheckFunctionExists.cxx
Linking CXX executable cmTC_a1130
/usr/bin/cmake -E cmake_link_script CMakeFiles/cmTC_a1130.dir/link.txt --verbose=1
/usr/bin/c++  -DCHECK_FUNCTION_EXISTS=pthread_create CMakeFiles/cmTC_a1130.dir/CheckFunctionExists.cxx.o -o cmTC_a1130  -lpthreads 
/usr/bin/ld: cannot find -lpthreads
collect2: error: ld returned 1 exit status
CMakeFiles/cmTC_a1130.dir/build.make:98: recipe for target 'cmTC_a1130' failed
make[2]: *** [cmTC_a1130] Error 1
make[2]: Leaving directory '/home/dan/metasat-hardware/extra/vortex/third_party/ramulator/build/CMakeFiles/CMakeScratch/TryCompile-ExMKdW'
Makefile:127: recipe for target 'cmTC_a1130/fast' failed
make[1]: *** [cmTC_a1130/fast] Error 2
make[1]: Leaving directory '/home/dan/metasat-hardware/extra/vortex/third_party/ramulator/build/CMakeFiles/CMakeScratch/TryCompile-ExMKdW'



